(recipe 
  (step 
    (cookware 
      (name)
      note: (note_text)))