(recipe 
  (step 
    (ingredient 
      (name)
      note: (note_text)))