(recipe 
  (step 
    (ingredient (name))
    (ingredient (name))))