(recipe 
  (step 
    (ingredient 
      (name) 
      (amount (quantity))
      note: (note_text)))