(recipe 
  (step 
    (plain_text)
    (ingredient 
      name: (ingredient_text) 
      (amount (quantity))
      note: )
    (plain_text)))