(recipe 
  (step 
    (timer 
      (amount (quantity) (units))
      note: (note_text)))