(recipe 
  (step 
    (comment)
    (plain_text)
    (ingredient 
      name: (ingredient_text) 
      (amount 
        (quantity) 
        (units)))
    (plain_text)))