(recipe 
  (note)
  (step (ingredient (name) (amount (quantity) (units)))))