(recipe
  (section
    header: (section_header
      name: )
    content: (note)
    content: (note)))