(recipe
  (step
    (plain_text))
  (note)
  (step
    (plain_text)))