(recipe 
  (section
    header: (section_header name: )
    content: ))