(recipe 
  (section
    header: (section_header name: )
    content: (step))
  (section
    header: (section_header name: )
    content: (step)))