(recipe 
  (section
    header: (section_header)
    content: (step)))