(recipe 
  (section
    header: (section_header name: )
    content: (step 
      (ingredient (name) (amount (quantity) (units)))
      (ingredient (name) (amount (quantity) (units))))))