(recipe
  (section
    header: (section_header
      name: )
    content: (step
      (plain_text))))