(recipe
  (section
    header: (section_header
      name: )
    content: (step
      (plain_text)
      (ingredient
        name: (ingredient_text)
        (amount
          (quantity)
          (units)))
      (plain_text)
      (ingredient
        name: (ingredient_text)
        (amount
          (quantity)
          (units))))))