(recipe
  (step
    (plain_text)
    (cookware
      name: (cookware_text))
    (plain_text)
    (cookware
      name: (cookware_text)
      (amount
        (quantity)))))