(recipe
  (step
    (plain_text)
    (timer
      name: (timer_text)
      (amount
        (quantity)
        (units)))
    (plain_text)
    (timer
      name: (timer_text)
      (amount
        (quantity)
        (units)))))