(recipe
  (step
    (timer
      (amount
        (quantity)
        (units)))))