(recipe
  (step
    (plain_text)
    (timer
      (amount
        (quantity)
        (units)))
    (plain_text)
    (timer
      (amount
        (quantity)
        (units)))))