(recipe
  (step
    (ingredient
      name: (ingredient_text)
      note: )))