(recipe
  (step
    (ingredient
      name: (ingredient_text)
      (amount
        (quantity))
      note: (note_text)))