(recipe 
  (step 
    (ingredient (name) (amount (quantity) (units)))
    (ingredient (name) (amount (quantity) (units)))))