(recipe
  (step
    (cookware
      name: (cookware_text)
      (amount
        (quantity))
      note: (note_text)))