(recipe
  (step
    (cookware
      name: (cookware_text))))