(recipe
  (step
    (plain_text)
    (ingredient
      name: (ingredient_text))))