(recipe
  (step
    (plain_text))
  (step
    (plain_text)))