(recipe
  (step
    (plain_text)
    (cookware
      name: (cookware_text))
    (plain_text)
    (ingredient
      name: (ingredient_text)
      (amount
        (quantity)
        (units))))
  (step
    (plain_text)
    (ingredient
      name: (ingredient_text)
      (amount
        (quantity))
      note: )
    (plain_text)
    (timer
      (amount
        (quantity)
        (units)))))