(recipe 
  (step 
    (ingredient (recipe_reference))))